Archive member included to satisfy reference by file (symbol)

f:/program files (x86)/arm gnu toolchain arm-none-eabi/12.3 rel1/bin/../lib/gcc/arm-none-eabi/12.3.1/thumb/v7e-m+fp/hard\libgcc.a(_arm_addsubdf3.o)
                              ../obj/ability.o (__aeabi_f2d)
f:/program files (x86)/arm gnu toolchain arm-none-eabi/12.3 rel1/bin/../lib/gcc/arm-none-eabi/12.3.1/thumb/v7e-m+fp/hard\libgcc.a(_arm_muldivdf3.o)
                              ../obj/ability.o (__aeabi_ddiv)
f:/program files (x86)/arm gnu toolchain arm-none-eabi/12.3 rel1/bin/../lib/gcc/arm-none-eabi/12.3.1/thumb/v7e-m+fp/hard\libgcc.a(_arm_truncdfsf2.o)
                              ../obj/ability.o (__aeabi_d2f)
f:/program files (x86)/arm gnu toolchain arm-none-eabi/12.3 rel1/bin/../lib/gcc/arm-none-eabi/12.3.1/thumb/v7e-m+fp/hard\libc_nano.a(libc_a-memcpy-stub.o)
                              ../obj/rs485.o (memcpy)

Discarded input sections

 .text          0x00000000        0x0 ../obj/ability.o
 .data          0x00000000        0x0 ../obj/ability.o
 .bss           0x00000000        0x0 ../obj/ability.o
 .text.ability_init
                0x00000000       0x3c ../obj/ability.o
 .text.voltage_init
                0x00000000       0x64 ../obj/ability.o
 .text.voltage_get_adc
                0x00000000       0x40 ../obj/ability.o
 .text.voltage_get
                0x00000000       0x68 ../obj/ability.o
 .text.voltage_overload
                0x00000000       0x9c ../obj/ability.o
 .text          0x00000000        0x0 ../obj/at24c02.o
 .data          0x00000000        0x0 ../obj/at24c02.o
 .bss           0x00000000        0x0 ../obj/at24c02.o
 .debug_info    0x00000000       0x6c ../obj/at24c02.o
 .debug_abbrev  0x00000000       0x26 ../obj/at24c02.o
 .debug_aranges
                0x00000000       0x18 ../obj/at24c02.o
 .debug_line    0x00000000       0x31 ../obj/at24c02.o
 .debug_str     0x00000000      0x188 ../obj/at24c02.o
 .comment       0x00000000       0x46 ../obj/at24c02.o
 .ARM.attributes
                0x00000000       0x34 ../obj/at24c02.o
 .text          0x00000000        0x0 ../obj/crc16_modbus.o
 .data          0x00000000        0x0 ../obj/crc16_modbus.o
 .bss           0x00000000        0x0 ../obj/crc16_modbus.o
 .text.calc_modbus_crc16
                0x00000000       0x54 ../obj/crc16_modbus.o
 .rodata.crc_table.0
                0x00000000      0x200 ../obj/crc16_modbus.o
 .debug_info    0x00000000       0xc5 ../obj/crc16_modbus.o
 .debug_abbrev  0x00000000       0x9f ../obj/crc16_modbus.o
 .debug_aranges
                0x00000000       0x20 ../obj/crc16_modbus.o
 .debug_rnglists
                0x00000000       0x13 ../obj/crc16_modbus.o
 .debug_line    0x00000000       0x6c ../obj/crc16_modbus.o
 .debug_str     0x00000000      0x147 ../obj/crc16_modbus.o
 .comment       0x00000000       0x46 ../obj/crc16_modbus.o
 .debug_frame   0x00000000       0x38 ../obj/crc16_modbus.o
 .ARM.attributes
                0x00000000       0x34 ../obj/crc16_modbus.o
 .text          0x00000000        0x0 ../obj/doraemon_pack.o
 .data          0x00000000        0x0 ../obj/doraemon_pack.o
 .bss           0x00000000        0x0 ../obj/doraemon_pack.o
 .text.dp_u8_2_u64_lsb
                0x00000000       0x4a ../obj/doraemon_pack.o
 .text.dp_u8_2_u64_msb
                0x00000000       0x4a ../obj/doraemon_pack.o
 .text.dp_u8_2_i64_lsb
                0x00000000       0x24 ../obj/doraemon_pack.o
 .text.dp_u8_2_i64_msb
                0x00000000       0x24 ../obj/doraemon_pack.o
 .text.dp_u8_2_u32_lsb
                0x00000000       0x2e ../obj/doraemon_pack.o
 .text.dp_u8_2_u32_msb
                0x00000000       0x2e ../obj/doraemon_pack.o
 .text.dp_u8_2_i32_lsb
                0x00000000       0x20 ../obj/doraemon_pack.o
 .text.dp_u8_2_i32_msb
                0x00000000       0x20 ../obj/doraemon_pack.o
 .text.dp_u8_2_u16_lsb
                0x00000000       0x22 ../obj/doraemon_pack.o
 .text.dp_u8_2_u16_msb
                0x00000000       0x22 ../obj/doraemon_pack.o
 .text.dp_u8_2_i16_lsb
                0x00000000       0x22 ../obj/doraemon_pack.o
 .text.dp_u8_2_i16_msb
                0x00000000       0x22 ../obj/doraemon_pack.o
 .debug_info    0x00000000      0x41a ../obj/doraemon_pack.o
 .debug_abbrev  0x00000000       0xf4 ../obj/doraemon_pack.o
 .debug_aranges
                0x00000000       0x78 ../obj/doraemon_pack.o
 .debug_rnglists
                0x00000000       0x55 ../obj/doraemon_pack.o
 .debug_line    0x00000000      0x29e ../obj/doraemon_pack.o
 .debug_str     0x00000000      0x2ea ../obj/doraemon_pack.o
 .comment       0x00000000       0x46 ../obj/doraemon_pack.o
 .debug_frame   0x00000000      0x1d8 ../obj/doraemon_pack.o
 .ARM.attributes
                0x00000000       0x34 ../obj/doraemon_pack.o
 .text          0x00000000        0x0 ../obj/encoder.o
 .data          0x00000000        0x0 ../obj/encoder.o
 .bss           0x00000000        0x0 ../obj/encoder.o
 .text.encoder_init
                0x00000000       0x5c ../obj/encoder.o
 .text.encoder_get
                0x00000000       0x18 ../obj/encoder.o
 .text.encoder_get_e
                0x00000000       0x54 ../obj/encoder.o
 .bss.last_value.0
                0x00000000        0x4 ../obj/encoder.o
 .debug_info    0x00000000     0x126c ../obj/encoder.o
 .debug_abbrev  0x00000000      0x13e ../obj/encoder.o
 .debug_aranges
                0x00000000       0x30 ../obj/encoder.o
 .debug_rnglists
                0x00000000       0x1f ../obj/encoder.o
 .debug_line    0x00000000      0x1aa ../obj/encoder.o
 .debug_str     0x00000000      0x97d ../obj/encoder.o
 .comment       0x00000000       0x46 ../obj/encoder.o
 .debug_frame   0x00000000       0x78 ../obj/encoder.o
 .ARM.attributes
                0x00000000       0x34 ../obj/encoder.o
 .text          0x00000000        0x0 ../obj/flash.o
 .data          0x00000000        0x0 ../obj/flash.o
 .bss           0x00000000        0x0 ../obj/flash.o
 .debug_line    0x00000000        0x0 ../obj/flash.o
 .debug_str     0x00000000       0xf6 ../obj/flash.o
 .comment       0x00000000       0x46 ../obj/flash.o
 .ARM.attributes
                0x00000000       0x34 ../obj/flash.o
 .text          0x00000000        0x0 ../obj/hot.o
 .data          0x00000000        0x0 ../obj/hot.o
 .bss           0x00000000        0x0 ../obj/hot.o
 .text.pwmfly_set_pwm
                0x00000000       0x50 ../obj/hot.o
 .text.temperature_get
                0x00000000       0x40 ../obj/hot.o
 .text.temperature_overload
                0x00000000       0x74 ../obj/hot.o
 .text          0x00000000        0x0 ../obj/i2c_slave.o
 .data          0x00000000        0x0 ../obj/i2c_slave.o
 .bss           0x00000000        0x0 ../obj/i2c_slave.o
 .bss.slave_status
                0x00000000        0x1 ../obj/i2c_slave.o
 .data.slave_cmd
                0x00000000        0x1 ../obj/i2c_slave.o
 .bss.slave_cmd_ready
                0x00000000        0x1 ../obj/i2c_slave.o
 .bss.ir_comm_state
                0x00000000        0x1 ../obj/i2c_slave.o
 .bss.last_ir_heartbeat
                0x00000000        0x8 ../obj/i2c_slave.o
 .text.i2c_slave_init
                0x00000000       0xac ../obj/i2c_slave.o
 .text.i2c_check_addr_match
                0x00000000       0x2c ../obj/i2c_slave.o
 .text.i2c_check_stop_cond
                0x00000000       0x2c ../obj/i2c_slave.o
 .text.i2c_is_tx_mode
                0x00000000       0x24 ../obj/i2c_slave.o
 .text.i2c_slave_recv_byte
                0x00000000       0x44 ../obj/i2c_slave.o
 .text.i2c_slave_send_byte
                0x00000000       0x54 ../obj/i2c_slave.o
 .bss.status_changed
                0x00000000        0x1 ../obj/i2c_slave.o
 .text.i2c_slave_poll
                0x00000000       0x84 ../obj/i2c_slave.o
 .text.i2c_slave_get_status_changed
                0x00000000       0x28 ../obj/i2c_slave.o
 .text.i2c_slave_ir_process
                0x00000000      0x144 ../obj/i2c_slave.o
 .text.i2c_slave_set_status
                0x00000000       0x20 ../obj/i2c_slave.o
 .text.i2c_slave_get_status
                0x00000000       0x18 ../obj/i2c_slave.o
 .bss.last_send_time.0
                0x00000000        0x8 ../obj/i2c_slave.o
 .debug_info    0x00000000     0x1a23 ../obj/i2c_slave.o
 .debug_abbrev  0x00000000      0x2aa ../obj/i2c_slave.o
 .debug_aranges
                0x00000000       0x70 ../obj/i2c_slave.o
 .debug_rnglists
                0x00000000       0x52 ../obj/i2c_slave.o
 .debug_line    0x00000000      0x3e5 ../obj/i2c_slave.o
 .debug_str     0x00000000      0xd8f ../obj/i2c_slave.o
 .comment       0x00000000       0x46 ../obj/i2c_slave.o
 .debug_frame   0x00000000      0x190 ../obj/i2c_slave.o
 .ARM.attributes
                0x00000000       0x34 ../obj/i2c_slave.o
 .text          0x00000000        0x0 ../obj/i2cmaster.o
 .data          0x00000000        0x0 ../obj/i2cmaster.o
 .bss           0x00000000        0x0 ../obj/i2cmaster.o
 .text.i2c_recv_data
                0x00000000       0x60 ../obj/i2cmaster.o
 .text.i2c_master_read_status
                0x00000000       0x7c ../obj/i2cmaster.o
 .text.i2c_master_cmd_and_read
                0x00000000       0x48 ../obj/i2cmaster.o
 .text.test     0x00000000       0x3c ../obj/i2cmaster.o
 .text          0x00000000        0x0 ../obj/io.o
 .data          0x00000000        0x0 ../obj/io.o
 .bss           0x00000000        0x0 ../obj/io.o
 .text          0x00000000        0x0 ../obj/lr.o
 .data          0x00000000        0x0 ../obj/lr.o
 .bss           0x00000000        0x0 ../obj/lr.o
 .text.__NVIC_SystemReset
                0x00000000       0x2c ../obj/lr.o
 .bss.robote_state
                0x00000000        0x1 ../obj/lr.o
 .bss.last_receive_time
                0x00000000        0x1 ../obj/lr.o
 .bss.lr_data   0x00000000        0x3 ../obj/lr.o
 .text.lr_nec   0x00000000       0xe0 ../obj/lr.o
 .text.lr_get_data
                0x00000000       0x80 ../obj/lr.o
 .text.Relay    0x00000000       0xd4 ../obj/lr.o
 .text.inquire  0x00000000       0xbc ../obj/lr.o
 .bss.last_send_time.0
                0x00000000        0x8 ../obj/lr.o
 .text          0x00000000        0x0 ../obj/main.o
 .data          0x00000000        0x0 ../obj/main.o
 .bss           0x00000000        0x0 ../obj/main.o
 .bss.last_time.1
                0x00000000        0x8 ../obj/main.o
 .bss.step.0    0x00000000        0x1 ../obj/main.o
 .text          0x00000000        0x0 ../obj/mix_std_lib.o
 .data          0x00000000        0x0 ../obj/mix_std_lib.o
 .bss           0x00000000        0x0 ../obj/mix_std_lib.o
 .text.__msl_memset
                0x00000000       0x36 ../obj/mix_std_lib.o
 .text.__msl_memclr
                0x00000000       0x32 ../obj/mix_std_lib.o
 .text.__msl_memcmp
                0x00000000       0x5c ../obj/mix_std_lib.o
 .text.__msl_strlen
                0x00000000       0x30 ../obj/mix_std_lib.o
 .text.__msl_strstr
                0x00000000       0x8a ../obj/mix_std_lib.o
 .rodata.hex_char
                0x00000000       0x10 ../obj/mix_std_lib.o
 .text.int_inverse
                0x00000000       0x82 ../obj/mix_std_lib.o
 .text.__msl_printf
                0x00000000     0x1438 ../obj/mix_std_lib.o
 .text          0x00000000        0x0 ../obj/moto.o
 .data          0x00000000        0x0 ../obj/moto.o
 .bss           0x00000000        0x0 ../obj/moto.o
 .bss.moto_current_zero
                0x00000000        0x2 ../obj/moto.o
 .text.moto_get_current
                0x00000000       0x34 ../obj/moto.o
 .text.moto_init
                0x00000000       0x74 ../obj/moto.o
 .text.moto_set_pwm
                0x00000000       0xd4 ../obj/moto.o
 .debug_info    0x00000000     0x1653 ../obj/moto.o
 .debug_abbrev  0x00000000      0x14e ../obj/moto.o
 .debug_aranges
                0x00000000       0x30 ../obj/moto.o
 .debug_rnglists
                0x00000000       0x20 ../obj/moto.o
 .debug_line    0x00000000      0x22c ../obj/moto.o
 .debug_str     0x00000000      0xabc ../obj/moto.o
 .comment       0x00000000       0x46 ../obj/moto.o
 .debug_frame   0x00000000       0x78 ../obj/moto.o
 .ARM.attributes
                0x00000000       0x34 ../obj/moto.o
 .text          0x00000000        0x0 ../obj/msg.o
 .data          0x00000000        0x0 ../obj/msg.o
 .bss           0x00000000        0x0 ../obj/msg.o
 .bss.msg_id_l  0x00000000     0x1008 ../obj/msg.o
 .bss.msg_func_list
                0x00000000      0x200 ../obj/msg.o
 .text.msg_queue_push
                0x00000000       0x64 ../obj/msg.o
 .text.msg_queue_pop
                0x00000000       0x50 ../obj/msg.o
 .text.msg_func_register
                0x00000000       0x40 ../obj/msg.o
 .text.msg_poll
                0x00000000       0x48 ../obj/msg.o
 .debug_info    0x00000000      0x24a ../obj/msg.o
 .debug_abbrev  0x00000000      0x164 ../obj/msg.o
 .debug_aranges
                0x00000000       0x38 ../obj/msg.o
 .debug_rnglists
                0x00000000       0x25 ../obj/msg.o
 .debug_line    0x00000000      0x1e1 ../obj/msg.o
 .debug_str     0x00000000      0x24b ../obj/msg.o
 .comment       0x00000000       0x46 ../obj/msg.o
 .debug_frame   0x00000000       0xac ../obj/msg.o
 .ARM.attributes
                0x00000000       0x34 ../obj/msg.o
 .text          0x00000000        0x0 ../obj/pid_pos.o
 .data          0x00000000        0x0 ../obj/pid_pos.o
 .bss           0x00000000        0x0 ../obj/pid_pos.o
 .data._p       0x00000000        0x4 ../obj/pid_pos.o
 .data._i       0x00000000        0x4 ../obj/pid_pos.o
 .data._d       0x00000000        0x4 ../obj/pid_pos.o
 .bss.e         0x00000000        0x4 ../obj/pid_pos.o
 .bss.e_i       0x00000000        0x4 ../obj/pid_pos.o
 .bss.e_d       0x00000000        0x4 ../obj/pid_pos.o
 .bss.pos       0x00000000        0x4 ../obj/pid_pos.o
 .bss.pos_dst   0x00000000        0x4 ../obj/pid_pos.o
 .data.pos_dst_min
                0x00000000        0x4 ../obj/pid_pos.o
 .data.pos_dst_max
                0x00000000        0x4 ../obj/pid_pos.o
 .bss.i_limit_max
                0x00000000        0x4 ../obj/pid_pos.o
 .bss.i_limit_min
                0x00000000        0x4 ../obj/pid_pos.o
 .bss.output    0x00000000        0x4 ../obj/pid_pos.o
 .text.pid_pos_get_pos_max
                0x00000000       0x20 ../obj/pid_pos.o
 .rodata        0x00000000       0x20 ../obj/pid_pos.o
 .text.pid_pos_calibration
                0x00000000      0x104 ../obj/pid_pos.o
 .text.pid_pos_go_zero
                0x00000000       0xa8 ../obj/pid_pos.o
 .text.pid_pos_init
                0x00000000       0x9c ../obj/pid_pos.o
 .text.pid_pos_set_pos
                0x00000000       0x64 ../obj/pid_pos.o
 .text.pid_pos_update_pos
                0x00000000       0x34 ../obj/pid_pos.o
 .text.pid_pos_set_pid
                0x00000000       0x74 ../obj/pid_pos.o
 .text.pid_pos_get_pos
                0x00000000       0x20 ../obj/pid_pos.o
 .text.pid_pos_cal
                0x00000000      0x25c ../obj/pid_pos.o
 .debug_info    0x00000000      0x336 ../obj/pid_pos.o
 .debug_abbrev  0x00000000      0x133 ../obj/pid_pos.o
 .debug_aranges
                0x00000000       0x60 ../obj/pid_pos.o
 .debug_rnglists
                0x00000000       0x47 ../obj/pid_pos.o
 .debug_line    0x00000000      0x3b1 ../obj/pid_pos.o
 .debug_str     0x00000000      0x2eb ../obj/pid_pos.o
 .comment       0x00000000       0x46 ../obj/pid_pos.o
 .debug_frame   0x00000000      0x150 ../obj/pid_pos.o
 .ARM.attributes
                0x00000000       0x34 ../obj/pid_pos.o
 .text          0x00000000        0x0 ../obj/pid_speed.o
 .data          0x00000000        0x0 ../obj/pid_speed.o
 .bss           0x00000000        0x0 ../obj/pid_speed.o
 .data._p       0x00000000        0x4 ../obj/pid_speed.o
 .data._i       0x00000000        0x4 ../obj/pid_speed.o
 .bss._d        0x00000000        0x4 ../obj/pid_speed.o
 .bss.e         0x00000000        0x4 ../obj/pid_speed.o
 .bss.e_l1      0x00000000        0x4 ../obj/pid_speed.o
 .bss.e_l2      0x00000000        0x4 ../obj/pid_speed.o
 .bss.spe_dst   0x00000000        0x4 ../obj/pid_speed.o
 .bss.u         0x00000000        0x4 ../obj/pid_speed.o
 .bss.u_d       0x00000000        0x4 ../obj/pid_speed.o
 .text.pid_speed_init
                0x00000000       0x58 ../obj/pid_speed.o
 .text.pid_speed_set_speed
                0x00000000       0x20 ../obj/pid_speed.o
 .text.pid_speed_get_speed
                0x00000000       0x1c ../obj/pid_speed.o
 .text.pid_set_pid
                0x00000000       0x3c ../obj/pid_speed.o
 .text.pid_speed_cal
                0x00000000      0x128 ../obj/pid_speed.o
 .debug_info    0x00000000      0x1cf ../obj/pid_speed.o
 .debug_abbrev  0x00000000       0xdf ../obj/pid_speed.o
 .debug_aranges
                0x00000000       0x40 ../obj/pid_speed.o
 .debug_rnglists
                0x00000000       0x2c ../obj/pid_speed.o
 .debug_line    0x00000000       0xf0 ../obj/pid_speed.o
 .debug_str     0x00000000      0x208 ../obj/pid_speed.o
 .comment       0x00000000       0x46 ../obj/pid_speed.o
 .debug_frame   0x00000000       0xc8 ../obj/pid_speed.o
 .ARM.attributes
                0x00000000       0x34 ../obj/pid_speed.o
 .text          0x00000000        0x0 ../obj/pwmled.o
 .data          0x00000000        0x0 ../obj/pwmled.o
 .bss           0x00000000        0x0 ../obj/pwmled.o
 .bss.pwm_duty  0x00000000        0x2 ../obj/pwmled.o
 .bss.pwm_step  0x00000000        0x1 ../obj/pwmled.o
 .text.pwmled_init
                0x00000000       0x60 ../obj/pwmled.o
 .text.pwmled_set_test
                0x00000000       0x6c ../obj/pwmled.o
 .text.pwmled_set_stop
                0x00000000        0xe ../obj/pwmled.o
 .text.pwmled_set_pwm
                0x00000000       0x54 ../obj/pwmled.o
 .debug_info    0x00000000     0x102a ../obj/pwmled.o
 .debug_abbrev  0x00000000      0x137 ../obj/pwmled.o
 .debug_aranges
                0x00000000       0x38 ../obj/pwmled.o
 .debug_rnglists
                0x00000000       0x25 ../obj/pwmled.o
 .debug_line    0x00000000      0x1dc ../obj/pwmled.o
 .debug_str     0x00000000      0x8f0 ../obj/pwmled.o
 .comment       0x00000000       0x46 ../obj/pwmled.o
 .debug_frame   0x00000000       0x90 ../obj/pwmled.o
 .ARM.attributes
                0x00000000       0x34 ../obj/pwmled.o
 .text          0x00000000        0x0 ../obj/rs485.o
 .data          0x00000000        0x0 ../obj/rs485.o
 .bss           0x00000000        0x0 ../obj/rs485.o
 .text.__NVIC_EnableIRQ
                0x00000000       0x3c ../obj/rs485.o
 .text.__NVIC_SetPriority
                0x00000000       0x54 ../obj/rs485.o
 .data.id       0x00000000        0x1 ../obj/rs485.o
 .text.__mslex_usart_write
                0x00000000       0x14 ../obj/rs485.o
 .text.c_queue_rx_buf_queue_t_init
                0x00000000       0x30 ../obj/rs485.o
 .text.c_queue_rx_buf_queue_t_empty
                0x00000000       0x24 ../obj/rs485.o
 .text.c_queue_rx_buf_queue_t_pop
                0x00000000       0x54 ../obj/rs485.o
 .text.c_queue_rx_buf_queue_t_front
                0x00000000       0x42 ../obj/rs485.o
 .text.c_queue_rx_buf_queue_t_size
                0x00000000       0x3c ../obj/rs485.o
 .bss.rx_frame_overtime
                0x00000000        0x8 ../obj/rs485.o
 .bss.tx_dat_buf
                0x00000000      0x100 ../obj/rs485.o
 .bss.rs485_tx_buf
                0x00000000      0x108 ../obj/rs485.o
 .bss.rs485_rx_buf
                0x00000000      0x208 ../obj/rs485.o
 .text.__set_tx_mode
                0x00000000       0x24 ../obj/rs485.o
 .text.start_tx
                0x00000000       0x34 ../obj/rs485.o
 .text.hw_init  0x00000000       0xe4 ../obj/rs485.o
 .text.uart_suspend_handle
                0x00000000        0xe ../obj/rs485.o
 .text.rs485_init
                0x00000000       0x58 ../obj/rs485.o
 .text.moto_recv_exec
                0x00000000       0x14 ../obj/rs485.o
 .text.rs485_tx_str
                0x00000000       0x20 ../obj/rs485.o
 .rodata        0x00000000       0x34 ../obj/rs485.o
 .text.rs485_poll
                0x00000000      0x2ec ../obj/rs485.o
 .text._rx_execute
                0x00000000      0x5cc ../obj/rs485.o
 .bss.state.6   0x00000000        0x1 ../obj/rs485.o
 .bss.data_pos.5
                0x00000000        0x2 ../obj/rs485.o
 .bss.rq.4      0x00000000       0x42 ../obj/rs485.o
 .bss.packet_len.3
                0x00000000        0x2 ../obj/rs485.o
 .bss.crc.2     0x00000000        0x2 ../obj/rs485.o
 .bss.last.1    0x00000000        0x8 ../obj/rs485.o
 .bss.overtime.0
                0x00000000        0x8 ../obj/rs485.o
 .text          0x00000000        0x0 ../obj/soft_timer.o
 .data          0x00000000        0x0 ../obj/soft_timer.o
 .bss           0x00000000        0x0 ../obj/soft_timer.o
 .bss.st_array_pos
                0x00000000        0x4 ../obj/soft_timer.o
 .text.stimer_del
                0x00000000       0x30 ../obj/soft_timer.o
 .text.stimer_set_period
                0x00000000       0x6c ../obj/soft_timer.o
 .text          0x00000000        0x0 ../obj/system_hc32f460.o
 .data          0x00000000        0x0 ../obj/system_hc32f460.o
 .bss           0x00000000        0x0 ../obj/system_hc32f460.o
 .noinit        0x00000000        0x8 ../obj/system_hc32f460.o
 .text.PORT_IN_init
                0x00000000       0x48 ../obj/system_hc32f460.o
 .text.WDT_init
                0x00000000       0x1c ../obj/system_hc32f460.o
 .text.WDT_flash
                0x00000000       0x24 ../obj/system_hc32f460.o
 .text          0x00000000        0x0 ../obj/uart.o
 .data          0x00000000        0x0 ../obj/uart.o
 .bss           0x00000000        0x0 ../obj/uart.o
 .text.buf_write_1B_no_tx
                0x00000000       0x54 ../obj/uart.o
 .text.buf_write_char
                0x00000000       0x5a ../obj/uart.o
 .text.buf_write_s
                0x00000000       0x3e ../obj/uart.o
 .text.buf_write_n
                0x00000000       0x40 ../obj/uart.o
 .text.buf_read_c
                0x00000000       0x5a ../obj/uart.o
 .text.t_buf_empty_check
                0x00000000       0x2e ../obj/uart.o
 .text.r_buf_empty_check
                0x00000000       0x2e ../obj/uart.o
 .text.uart_init
                0x00000000       0x5c ../obj/uart.o
 .debug_info    0x00000000      0x4ad ../obj/uart.o
 .debug_abbrev  0x00000000      0x1a4 ../obj/uart.o
 .debug_aranges
                0x00000000       0x58 ../obj/uart.o
 .debug_rnglists
                0x00000000       0x3d ../obj/uart.o
 .debug_line    0x00000000      0x2b9 ../obj/uart.o
 .debug_str     0x00000000      0x2be ../obj/uart.o
 .comment       0x00000000       0x46 ../obj/uart.o
 .debug_frame   0x00000000      0x13c ../obj/uart.o
 .ARM.attributes
                0x00000000       0x34 ../obj/uart.o
 .text          0x00000000        0x0 ../obj/ws2812.o
 .data          0x00000000        0x0 ../obj/ws2812.o
 .bss           0x00000000        0x0 ../obj/ws2812.o
 .text.ws2812_init
                0x00000000       0x4c ../obj/ws2812.o
 .text.ws2812_trans
                0x00000000       0x50 ../obj/ws2812.o
 .text.ws2812_t_byte
                0x00000000       0x30 ../obj/ws2812.o
 .text.ws2812_reset
                0x00000000       0x14 ../obj/ws2812.o
 .text.ws2812_idle
                0x00000000       0x10 ../obj/ws2812.o
 .text.ws2812_set_rgb
                0x00000000       0x56 ../obj/ws2812.o
 .debug_info    0x00000000      0x82a ../obj/ws2812.o
 .debug_abbrev  0x00000000      0x1a5 ../obj/ws2812.o
 .debug_aranges
                0x00000000       0x48 ../obj/ws2812.o
 .debug_rnglists
                0x00000000       0x31 ../obj/ws2812.o
 .debug_line    0x00000000      0x22f ../obj/ws2812.o
 .debug_str     0x00000000      0x484 ../obj/ws2812.o
 .comment       0x00000000       0x46 ../obj/ws2812.o
 .debug_frame   0x00000000       0xdc ../obj/ws2812.o
 .ARM.attributes
                0x00000000       0x34 ../obj/ws2812.o
 .text          0x00000000        0x0 ../obj/startup_hc32f460.o
 .data          0x00000000        0x0 ../obj/startup_hc32f460.o
 .bss           0x00000000        0x0 ../obj/startup_hc32f460.o
 .text          0x00000000      0x378 f:/program files (x86)/arm gnu toolchain arm-none-eabi/12.3 rel1/bin/../lib/gcc/arm-none-eabi/12.3.1/thumb/v7e-m+fp/hard\libgcc.a(_arm_addsubdf3.o)
 .data          0x00000000        0x0 f:/program files (x86)/arm gnu toolchain arm-none-eabi/12.3 rel1/bin/../lib/gcc/arm-none-eabi/12.3.1/thumb/v7e-m+fp/hard\libgcc.a(_arm_addsubdf3.o)
 .bss           0x00000000        0x0 f:/program files (x86)/arm gnu toolchain arm-none-eabi/12.3 rel1/bin/../lib/gcc/arm-none-eabi/12.3.1/thumb/v7e-m+fp/hard\libgcc.a(_arm_addsubdf3.o)
 .debug_line_str
                0x00000000       0xce f:/program files (x86)/arm gnu toolchain arm-none-eabi/12.3 rel1/bin/../lib/gcc/arm-none-eabi/12.3.1/thumb/v7e-m+fp/hard\libgcc.a(_arm_addsubdf3.o)
 .debug_frame   0x00000000       0xac f:/program files (x86)/arm gnu toolchain arm-none-eabi/12.3 rel1/bin/../lib/gcc/arm-none-eabi/12.3.1/thumb/v7e-m+fp/hard\libgcc.a(_arm_addsubdf3.o)
 .ARM.attributes
                0x00000000       0x22 f:/program files (x86)/arm gnu toolchain arm-none-eabi/12.3 rel1/bin/../lib/gcc/arm-none-eabi/12.3.1/thumb/v7e-m+fp/hard\libgcc.a(_arm_addsubdf3.o)
 .text          0x00000000      0x424 f:/program files (x86)/arm gnu toolchain arm-none-eabi/12.3 rel1/bin/../lib/gcc/arm-none-eabi/12.3.1/thumb/v7e-m+fp/hard\libgcc.a(_arm_muldivdf3.o)
 .data          0x00000000        0x0 f:/program files (x86)/arm gnu toolchain arm-none-eabi/12.3 rel1/bin/../lib/gcc/arm-none-eabi/12.3.1/thumb/v7e-m+fp/hard\libgcc.a(_arm_muldivdf3.o)
 .bss           0x00000000        0x0 f:/program files (x86)/arm gnu toolchain arm-none-eabi/12.3 rel1/bin/../lib/gcc/arm-none-eabi/12.3.1/thumb/v7e-m+fp/hard\libgcc.a(_arm_muldivdf3.o)
 .debug_line_str
                0x00000000       0xce f:/program files (x86)/arm gnu toolchain arm-none-eabi/12.3 rel1/bin/../lib/gcc/arm-none-eabi/12.3.1/thumb/v7e-m+fp/hard\libgcc.a(_arm_muldivdf3.o)
 .debug_frame   0x00000000       0x50 f:/program files (x86)/arm gnu toolchain arm-none-eabi/12.3 rel1/bin/../lib/gcc/arm-none-eabi/12.3.1/thumb/v7e-m+fp/hard\libgcc.a(_arm_muldivdf3.o)
 .ARM.attributes
                0x00000000       0x22 f:/program files (x86)/arm gnu toolchain arm-none-eabi/12.3 rel1/bin/../lib/gcc/arm-none-eabi/12.3.1/thumb/v7e-m+fp/hard\libgcc.a(_arm_muldivdf3.o)
 .text          0x00000000       0xa0 f:/program files (x86)/arm gnu toolchain arm-none-eabi/12.3 rel1/bin/../lib/gcc/arm-none-eabi/12.3.1/thumb/v7e-m+fp/hard\libgcc.a(_arm_truncdfsf2.o)
 .data          0x00000000        0x0 f:/program files (x86)/arm gnu toolchain arm-none-eabi/12.3 rel1/bin/../lib/gcc/arm-none-eabi/12.3.1/thumb/v7e-m+fp/hard\libgcc.a(_arm_truncdfsf2.o)
 .bss           0x00000000        0x0 f:/program files (x86)/arm gnu toolchain arm-none-eabi/12.3 rel1/bin/../lib/gcc/arm-none-eabi/12.3.1/thumb/v7e-m+fp/hard\libgcc.a(_arm_truncdfsf2.o)
 .debug_line_str
                0x00000000       0xce f:/program files (x86)/arm gnu toolchain arm-none-eabi/12.3 rel1/bin/../lib/gcc/arm-none-eabi/12.3.1/thumb/v7e-m+fp/hard\libgcc.a(_arm_truncdfsf2.o)
 .debug_frame   0x00000000       0x24 f:/program files (x86)/arm gnu toolchain arm-none-eabi/12.3 rel1/bin/../lib/gcc/arm-none-eabi/12.3.1/thumb/v7e-m+fp/hard\libgcc.a(_arm_truncdfsf2.o)
 .ARM.attributes
                0x00000000       0x22 f:/program files (x86)/arm gnu toolchain arm-none-eabi/12.3 rel1/bin/../lib/gcc/arm-none-eabi/12.3.1/thumb/v7e-m+fp/hard\libgcc.a(_arm_truncdfsf2.o)
 .text          0x00000000        0x0 f:/program files (x86)/arm gnu toolchain arm-none-eabi/12.3 rel1/bin/../lib/gcc/arm-none-eabi/12.3.1/thumb/v7e-m+fp/hard\libc_nano.a(libc_a-memcpy-stub.o)
 .data          0x00000000        0x0 f:/program files (x86)/arm gnu toolchain arm-none-eabi/12.3 rel1/bin/../lib/gcc/arm-none-eabi/12.3.1/thumb/v7e-m+fp/hard\libc_nano.a(libc_a-memcpy-stub.o)
 .bss           0x00000000        0x0 f:/program files (x86)/arm gnu toolchain arm-none-eabi/12.3 rel1/bin/../lib/gcc/arm-none-eabi/12.3.1/thumb/v7e-m+fp/hard\libc_nano.a(libc_a-memcpy-stub.o)

Memory Configuration

Name             Origin             Length             Attributes
FLASH            0x00000000         0x00080000         xr
OTP              0x03000c00         0x000003fc         xr
RAM              0x1fff8000         0x0002f000         xrw
RET_RAM          0x200f0000         0x00001000         xrw
*default*        0x00000000         0xffffffff

Linker script and memory map

LOAD ../obj/ability.o
LOAD ../obj/at24c02.o
LOAD ../obj/crc16_modbus.o
LOAD ../obj/doraemon_pack.o
LOAD ../obj/encoder.o
LOAD ../obj/flash.o
LOAD ../obj/hot.o
LOAD ../obj/i2c_slave.o
LOAD ../obj/i2cmaster.o
LOAD ../obj/io.o
LOAD ../obj/lr.o
LOAD ../obj/main.o
LOAD ../obj/mix_std_lib.o
LOAD ../obj/moto.o
LOAD ../obj/msg.o
LOAD ../obj/pid_pos.o
LOAD ../obj/pid_speed.o
LOAD ../obj/pwmled.o
LOAD ../obj/rs485.o
LOAD ../obj/soft_timer.o
LOAD ../obj/system_hc32f460.o
LOAD ../obj/uart.o
LOAD ../obj/ws2812.o
LOAD ../obj/startup_hc32f460.o
START GROUP
LOAD f:/program files (x86)/arm gnu toolchain arm-none-eabi/12.3 rel1/bin/../lib/gcc/arm-none-eabi/12.3.1/thumb/v7e-m+fp/hard\libgcc.a
LOAD f:/program files (x86)/arm gnu toolchain arm-none-eabi/12.3 rel1/bin/../lib/gcc/arm-none-eabi/12.3.1/thumb/v7e-m+fp/hard\libc_nano.a
END GROUP
START GROUP
LOAD f:/program files (x86)/arm gnu toolchain arm-none-eabi/12.3 rel1/bin/../lib/gcc/arm-none-eabi/12.3.1/thumb/v7e-m+fp/hard\libgcc.a
LOAD f:/program files (x86)/arm gnu toolchain arm-none-eabi/12.3 rel1/bin/../lib/gcc/arm-none-eabi/12.3.1/thumb/v7e-m+fp/hard\libc_nano.a
END GROUP

.vectors        0x00000000      0x3c0
                0x00000000                        . = ALIGN (0x4)
 *(.vectors)
 .vectors       0x00000000      0x3c0 ../obj/startup_hc32f460.o
                0x00000000                __Vectors
                0x000003c0                __Vectors_End
                0x000003c0                        . = ALIGN (0x4)

.icg_sec        0x00000400       0x20
 *(.icg_sec)
 .icg_sec       0x00000400       0x20 ../obj/system_hc32f460.o
                0x00000400                u32ICG

.text           0x00000420     0x12ec
                0x00000420                        . = ALIGN (0x4)
 *(.text)
 *(.text*)
 .text.ability_robote_init
                0x00000420       0x2c ../obj/ability.o
                0x00000420                ability_robote_init
 .text.pwmfly_init
                0x0000044c       0x60 ../obj/hot.o
                0x0000044c                pwmfly_init
 .text.i2c_master_init
                0x000004ac       0x60 ../obj/i2cmaster.o
                0x000004ac                i2c_master_init
 .text.i2c_wait_bus_idle
                0x0000050c       0x3c ../obj/i2cmaster.o
 .text.i2c_send_start
                0x00000548       0x4c ../obj/i2cmaster.o
 .text.i2c_send_stop
                0x00000594       0x4c ../obj/i2cmaster.o
 .text.i2c_send_addr
                0x000005e0       0x7c ../obj/i2cmaster.o
 .text.i2c_send_data
                0x0000065c       0x68 ../obj/i2cmaster.o
 .text.i2c_master_send_cmd
                0x000006c4       0x78 ../obj/i2cmaster.o
                0x000006c4                i2c_master_send_cmd
 .text.i2c_master_test
                0x0000073c       0x24 ../obj/i2cmaster.o
                0x0000073c                i2c_master_test
 .text.io_init  0x00000760      0x108 ../obj/io.o
                0x00000760                io_init
 .text.__NVIC_EnableIRQ
                0x00000868       0x3c ../obj/lr.o
 .text.__NVIC_SetPriority
                0x000008a4       0x54 ../obj/lr.o
 .text.sys_delay_us
                0x000008f8       0x50 ../obj/lr.o
                0x000008f8                sys_delay_us
 .text.lr_init  0x00000948       0x60 ../obj/lr.o
                0x00000948                lr_init
 .text.lr_receive_init
                0x000009a8       0xec ../obj/lr.o
                0x000009a8                lr_receive_init
 .text.IRQ084_Handler
                0x00000a94      0x19c ../obj/lr.o
                0x00000a94                IRQ084_Handler
 .text._pid_update
                0x00000c30        0xe ../obj/main.o
                0x00000c30                _pid_update
 *fill*         0x00000c3e        0x2 
 .text.main     0x00000c40       0x54 ../obj/main.o
                0x00000c40                main
 .text.__msl_memcpy
                0x00000c94       0x3e ../obj/mix_std_lib.o
                0x00000c94                __msl_memcpy
 .text.c_queue_rx_buf_queue_t_full
                0x00000cd2       0x24 ../obj/rs485.o
                0x00000cd2                c_queue_rx_buf_queue_t_full
 *fill*         0x00000cf6        0x2 
 .text.c_queue_rx_buf_queue_t_push
                0x00000cf8       0x74 ../obj/rs485.o
                0x00000cf8                c_queue_rx_buf_queue_t_push
 .text.__set_rx_mode
                0x00000d6c       0x24 ../obj/rs485.o
 .text.IRQ080_Handler
                0x00000d90       0x84 ../obj/rs485.o
                0x00000d90                IRQ080_Handler
 .text.IRQ083_Handler
                0x00000e14       0x38 ../obj/rs485.o
                0x00000e14                IRQ083_Handler
 .text.IRQ081_Handler
                0x00000e4c       0x7c ../obj/rs485.o
                0x00000e4c                IRQ081_Handler
 .text.IRQ082_Handler
                0x00000ec8       0xbc ../obj/rs485.o
                0x00000ec8                IRQ082_Handler
 .text.stimer_get_by_id
                0x00000f84       0x54 ../obj/soft_timer.o
                0x00000f84                stimer_get_by_id
 .text.stimer_clear
                0x00000fd8       0x42 ../obj/soft_timer.o
                0x00000fd8                stimer_clear
 *fill*         0x0000101a        0x2 
 .text.stimer_init
                0x0000101c       0x50 ../obj/soft_timer.o
                0x0000101c                stimer_init
 .text.stimer_register
                0x0000106c       0x5c ../obj/soft_timer.o
                0x0000106c                stimer_register
 .text.stimer_ctrl
                0x000010c8       0xa0 ../obj/soft_timer.o
                0x000010c8                stimer_ctrl
 .text.stimer_poll
                0x00001168       0xf4 ../obj/soft_timer.o
                0x00001168                stimer_poll
 .text.__NVIC_SetPriorityGrouping
                0x0000125c       0x48 ../obj/system_hc32f460.o
 .text.__NVIC_EnableIRQ
                0x000012a4       0x3c ../obj/system_hc32f460.o
 .text.__NVIC_SetPriority
                0x000012e0       0x54 ../obj/system_hc32f460.o
 .text.sys_set_delay_clk
                0x00001334       0x2c ../obj/system_hc32f460.o
                0x00001334                sys_set_delay_clk
 .text._sys_delay_us
                0x00001360       0x34 ../obj/system_hc32f460.o
                0x00001360                _sys_delay_us
 .text.sys_clk_init
                0x00001394      0x124 ../obj/system_hc32f460.o
                0x00001394                sys_clk_init
 .text.IRQ038_Handler
                0x000014b8       0x38 ../obj/system_hc32f460.o
                0x000014b8                IRQ038_Handler
 .text.sys_tick_init
                0x000014f0       0x8c ../obj/system_hc32f460.o
                0x000014f0                sys_tick_init
 .text.sys_init
                0x0000157c       0x34 ../obj/system_hc32f460.o
                0x0000157c                sys_init
 .text.sys_delay_ms
                0x000015b0       0x50 ../obj/system_hc32f460.o
                0x000015b0                sys_delay_ms
 .text.sys_get_tick
                0x00001600       0x34 ../obj/system_hc32f460.o
                0x00001600                sys_get_tick
 .text.Reset_Handler
                0x00001634       0xb8 ../obj/startup_hc32f460.o
                0x00001634                Reset_Handler
 .text.Default_Handler
                0x000016ec        0x4 ../obj/startup_hc32f460.o
                0x000016ec                IRQ132_Handler
                0x000016ec                DebugMon_Handler
                0x000016ec                IRQ113_Handler
                0x000016ec                IRQ031_Handler
                0x000016ec                IRQ099_Handler
                0x000016ec                HardFault_Handler
                0x000016ec                IRQ095_Handler
                0x000016ec                IRQ058_Handler
                0x000016ec                IRQ065_Handler
                0x000016ec                IRQ108_Handler
                0x000016ec                SysTick_Handler
                0x000016ec                IRQ139_Handler
                0x000016ec                IRQ138_Handler
                0x000016ec                IRQ012_Handler
                0x000016ec                IRQ093_Handler
                0x000016ec                IRQ056_Handler
                0x000016ec                IRQ019_Handler
                0x000016ec                PendSV_Handler
                0x000016ec                NMI_Handler
                0x000016ec                IRQ116_Handler
                0x000016ec                IRQ011_Handler
                0x000016ec                IRQ115_Handler
                0x000016ec                IRQ051_Handler
                0x000016ec                IRQ014_Handler
                0x000016ec                IRQ062_Handler
                0x000016ec                IRQ027_Handler
                0x000016ec                IRQ117_Handler
                0x000016ec                IRQ097_Handler
                0x000016ec                IRQ088_Handler
                0x000016ec                IRQ071_Handler
                0x000016ec                IRQ034_Handler
                0x000016ec                IRQ067_Handler
                0x000016ec                IRQ070_Handler
                0x000016ec                IRQ033_Handler
                0x000016ec                IRQ077_Handler
                0x000016ec                IRQ063_Handler
                0x000016ec                IRQ028_Handler
                0x000016ec                IRQ076_Handler
                0x000016ec                IRQ039_Handler
                0x000016ec                UsageFault_Handler
                0x000016ec                IRQ133_Handler
                0x000016ec                IRQ023_Handler
                0x000016ec                IRQ126_Handler
                0x000016ec                IRQ048_Handler
                0x000016ec                IRQ009_Handler
                0x000016ec                IRQ122_Handler
                0x000016ec                IRQ089_Handler
                0x000016ec                IRQ121_Handler
                0x000016ec                IRQ074_Handler
                0x000016ec                IRQ037_Handler
                0x000016ec                IRQ072_Handler
                0x000016ec                IRQ035_Handler
                0x000016ec                IRQ130_Handler
                0x000016ec                IRQ111_Handler
                0x000016ec                IRQ134_Handler
                0x000016ec                IRQ129_Handler
                0x000016ec                IRQ142_Handler
                0x000016ec                IRQ105_Handler
                0x000016ec                IRQ140_Handler
                0x000016ec                IRQ103_Handler
                0x000016ec                IRQ021_Handler
                0x000016ec                IRQ047_Handler
                0x000016ec                IRQ008_Handler
                0x000016ec                IRQ022_Handler
                0x000016ec                IRQ046_Handler
                0x000016ec                IRQ007_Handler
                0x000016ec                IRQ043_Handler
                0x000016ec                IRQ004_Handler
                0x000016ec                IRQ041_Handler
                0x000016ec                IRQ002_Handler
                0x000016ec                IRQ098_Handler
                0x000016ec                IRQ000_Handler
                0x000016ec                IRQ118_Handler
                0x000016ec                IRQ044_Handler
                0x000016ec                IRQ005_Handler
                0x000016ec                IRQ049_Handler
                0x000016ec                IRQ045_Handler
                0x000016ec                IRQ006_Handler
                0x000016ec                IRQ125_Handler
                0x000016ec                IRQ102_Handler
                0x000016ec                IRQ107_Handler
                0x000016ec                IRQ112_Handler
                0x000016ec                IRQ052_Handler
                0x000016ec                IRQ015_Handler
                0x000016ec                MemManage_Handler
                0x000016ec                IRQ143_Handler
                0x000016ec                IRQ106_Handler
                0x000016ec                SVC_Handler
                0x000016ec                IRQ128_Handler
                0x000016ec                IRQ124_Handler
                0x000016ec                IRQ136_Handler
                0x000016ec                IRQ040_Handler
                0x000016ec                IRQ001_Handler
                0x000016ec                IRQ123_Handler
                0x000016ec                IRQ010_Handler
                0x000016ec                IRQ068_Handler
                0x000016ec                IRQ096_Handler
                0x000016ec                IRQ059_Handler
                0x000016ec                IRQ131_Handler
                0x000016ec                IRQ042_Handler
                0x000016ec                IRQ003_Handler
                0x000016ec                IRQ024_Handler
                0x000016ec                IRQ141_Handler
                0x000016ec                IRQ104_Handler
                0x000016ec                IRQ101_Handler
                0x000016ec                IRQ090_Handler
                0x000016ec                IRQ053_Handler
                0x000016ec                IRQ016_Handler
                0x000016ec                IRQ078_Handler
                0x000016ec                IRQ032_Handler
                0x000016ec                IRQ020_Handler
                0x000016ec                IRQ073_Handler
                0x000016ec                IRQ036_Handler
                0x000016ec                IRQ092_Handler
                0x000016ec                IRQ055_Handler
                0x000016ec                IRQ018_Handler
                0x000016ec                IRQ087_Handler
                0x000016ec                IRQ109_Handler
                0x000016ec                IRQ061_Handler
                0x000016ec                IRQ026_Handler
                0x000016ec                IRQ060_Handler
                0x000016ec                IRQ025_Handler
                0x000016ec                IRQ085_Handler
                0x000016ec                IRQ119_Handler
                0x000016ec                IRQ137_Handler
                0x000016ec                IRQ110_Handler
                0x000016ec                IRQ050_Handler
                0x000016ec                IRQ013_Handler
                0x000016ec                IRQ030_Handler
                0x000016ec                IRQ064_Handler
                0x000016ec                IRQ029_Handler
                0x000016ec                IRQ127_Handler
                0x000016ec                IRQ066_Handler
                0x000016ec                IRQ091_Handler
                0x000016ec                IRQ054_Handler
                0x000016ec                IRQ017_Handler
                0x000016ec                BusFault_Handler
                0x000016ec                IRQ075_Handler
                0x000016ec                IRQ069_Handler
                0x000016ec                IRQ114_Handler
                0x000016ec                IRQ086_Handler
                0x000016ec                IRQ094_Handler
                0x000016ec                IRQ057_Handler
                0x000016ec                IRQ135_Handler
                0x000016ec                IRQ100_Handler
                0x000016ec                IRQ120_Handler
                0x000016ec                IRQ079_Handler
 .text.memcpy   0x000016f0       0x1c f:/program files (x86)/arm gnu toolchain arm-none-eabi/12.3 rel1/bin/../lib/gcc/arm-none-eabi/12.3.1/thumb/v7e-m+fp/hard\libc_nano.a(libc_a-memcpy-stub.o)
                0x000016f0                memcpy
 *(.glue_7)
 .glue_7        0x0000170c        0x0 linker stubs
 *(.glue_7t)
 .glue_7t       0x0000170c        0x0 linker stubs
 *(.eh_frame)
 *(.init)
 *(.fini)
                0x0000170c                        . = ALIGN (0x4)

.vfp11_veneer   0x0000170c        0x0
 .vfp11_veneer  0x0000170c        0x0 linker stubs

.v4_bx          0x0000170c        0x0
 .v4_bx         0x0000170c        0x0 linker stubs

.iplt           0x0000170c        0x0
 .iplt          0x0000170c        0x0 ../obj/ability.o

.rel.dyn        0x0000170c        0x0
 .rel.iplt      0x0000170c        0x0 ../obj/ability.o

.rodata         0x0000170c        0x0
                0x0000170c                        . = ALIGN (0x4)
 *(.rodata)
 *(.rodata*)
                0x0000170c                        . = ALIGN (0x4)

.ARM.extab
 *(.ARM.extab* .gnu.linkonce.armextab.*)
                0x0000170c                        __exidx_start = .

.ARM.exidx
 *(.ARM.exidx* .gnu.linkonce.armexidx.*)
                0x0000170c                        __exidx_end = .

.preinit_array  0x0000170c        0x0
                0x0000170c                        . = ALIGN (0x4)
                [!provide]                        PROVIDE (__preinit_array_start = .)
 *(.preinit_array)
                [!provide]                        PROVIDE (__preinit_array_end = .)
                0x0000170c                        . = ALIGN (0x4)

.init_array     0x0000170c        0x0
                0x0000170c                        . = ALIGN (0x4)
                [!provide]                        PROVIDE (__init_array_start = .)
 *(SORT_BY_NAME(.init_array.*))
 *(.init_array)
                [!provide]                        PROVIDE (__init_array_end = .)
                0x0000170c                        . = ALIGN (0x4)

.fini_array     0x0000170c        0x0
                0x0000170c                        . = ALIGN (0x4)
                [!provide]                        PROVIDE (__fini_array_start = .)
 *(SORT_BY_NAME(.fini_array.*))
 *(.fini_array)
                [!provide]                        PROVIDE (__fini_array_end = .)
                0x0000170c                        . = ALIGN (0x4)
                0x0000170c                        __etext = ALIGN (0x4)

.otp_sec
 *(.otp_sec)

.otp_lock_sec
 *(.otp_lock_sec)

.data           0x1fff8000        0x4 load address 0x0000170c
                0x1fff8000                        . = ALIGN (0x4)
                0x1fff8000                        __data_start__ = .
 *(vtable)
 *(.data)
 *(.data*)
 .data.lr_rx_level
                0x1fff8000        0x1 ../obj/lr.o
                0x1fff8004                        . = ALIGN (0x4)
 *fill*         0x1fff8001        0x3 
 *(.ramfunc)
 *(.ramfunc*)
                0x1fff8004                        . = ALIGN (0x4)
                0x1fff8004                        __data_end__ = .
                0x00001710                        __etext_ret_ram = (__etext + ALIGN (SIZEOF (.data), 0x4))

.igot.plt       0x1fff8004        0x0 load address 0x00001710
 .igot.plt      0x1fff8004        0x0 ../obj/ability.o

.ret_ram_data   0x200f0000        0x0 load address 0x00001710
                0x200f0000                        . = ALIGN (0x4)
                0x200f0000                        __data_start_ret_ram__ = .
 *(.ret_ram_data)
 *(.ret_ram_data*)
                0x200f0000                        . = ALIGN (0x4)
                0x200f0000                        __data_end_ret_ram__ = .

.bss            0x1fff8008      0x644 load address 0x00001718
                0x1fff8008                        . = ALIGN (0x4)
                0x1fff8008                        _sbss = .
                0x1fff8008                        __bss_start__ = _sbss
 *(.bss)
 *(.bss*)
 .bss.last_heartbeat_time
                0x1fff8008        0x8 ../obj/lr.o
 .bss.lr_rx_state
                0x1fff8010        0x1 ../obj/lr.o
 *fill*         0x1fff8011        0x3 
 .bss.lr_rx_code
                0x1fff8014        0x4 ../obj/lr.o
 .bss.lr_rx_bit_cnt
                0x1fff8018        0x1 ../obj/lr.o
 .bss.lr_rx_ready
                0x1fff8019        0x1 ../obj/lr.o
 *fill*         0x1fff801a        0x6 
 .bss.lr_rx_last_time
                0x1fff8020        0x8 ../obj/lr.o
 .bss.state     0x1fff8028        0x1 ../obj/lr.o
 *fill*         0x1fff8029        0x3 
 .bss.rbq       0x1fff802c       0xd4 ../obj/rs485.o
                0x1fff802c                rbq
 .bss.rs485_uart
                0x1fff8100       0x3c ../obj/rs485.o
 *fill*         0x1fff813c        0x4 
 .bss.st_array  0x1fff8140      0x500 ../obj/soft_timer.o
 .bss.sys_tick_msb
                0x1fff8640        0x8 ../obj/system_hc32f460.o
                0x1fff8640                sys_tick_msb
 .bss.sys_delay_tick
                0x1fff8648        0x4 ../obj/system_hc32f460.o
                0x1fff8648                sys_delay_tick
 *(COMMON)
                0x1fff864c                        . = ALIGN (0x4)
                0x1fff864c                        _ebss = .
                0x1fff864c                        __bss_end__ = _ebss

.ret_ram_bss    0x200f0000        0x0
                0x200f0000                        . = ALIGN (0x4)
                0x200f0000                        __bss_start_ret_ram__ = .
 *(.ret_ram_bss)
 *(.ret_ram_bss*)
                0x200f0000                        . = ALIGN (0x4)
                0x200f0000                        __bss_end_ret_ram__ = .

.heap_stack     0x1fff8650     0x1000
                0x1fff8650                        . = ALIGN (0x8)
                0x1fff8650                        __end__ = .
                [!provide]                        PROVIDE (end = .)
                [!provide]                        PROVIDE (_end = .)
 *(.heap*)
 .heap          0x1fff8650      0xc00 ../obj/startup_hc32f460.o
                0x1fff8650                __HeapBase
                0x1fff9250                        . = ALIGN (0x8)
                0x1fff9250                        __HeapLimit = .
                0x1fff9250                        __StackLimit = .
 *(.stack*)
 .stack         0x1fff9250      0x400 ../obj/startup_hc32f460.o
                0x1fff9650                        . = ALIGN (0x8)
                0x1fff9650                        __StackTop = .

/DISCARD/
 libc.a(*)
 libm.a(*)
 libgcc.a(*)

.ARM.attributes
                0x00000000       0x32
 *(.ARM.attributes)
 .ARM.attributes
                0x00000000       0x34 ../obj/ability.o
 .ARM.attributes
                0x00000034       0x34 ../obj/hot.o
 .ARM.attributes
                0x00000068       0x34 ../obj/i2cmaster.o
 .ARM.attributes
                0x0000009c       0x34 ../obj/io.o
 .ARM.attributes
                0x000000d0       0x34 ../obj/lr.o
 .ARM.attributes
                0x00000104       0x34 ../obj/main.o
 .ARM.attributes
                0x00000138       0x34 ../obj/mix_std_lib.o
 .ARM.attributes
                0x0000016c       0x34 ../obj/rs485.o
 .ARM.attributes
                0x000001a0       0x34 ../obj/soft_timer.o
 .ARM.attributes
                0x000001d4       0x34 ../obj/system_hc32f460.o
 .ARM.attributes
                0x00000208       0x25 ../obj/startup_hc32f460.o
 .ARM.attributes
                0x0000022d       0x34 f:/program files (x86)/arm gnu toolchain arm-none-eabi/12.3 rel1/bin/../lib/gcc/arm-none-eabi/12.3.1/thumb/v7e-m+fp/hard\libc_nano.a(libc_a-memcpy-stub.o)
                [!provide]                        PROVIDE (_stack = __StackTop)
                [!provide]                        PROVIDE (_Min_Heap_Size = (__HeapLimit - __HeapBase))
                [!provide]                        PROVIDE (_Min_Stack_Size = (__StackTop - __StackLimit))
                0x20027000                        __RamEnd = (ORIGIN (RAM) + LENGTH (RAM))
                0x00000001                        ASSERT ((__StackTop <= __RamEnd), region RAM overflowed with stack)
OUTPUT(../obj/EPC_DCBM.elf elf32-littlearm)
LOAD linker stubs
LOAD f:/program files (x86)/arm gnu toolchain arm-none-eabi/12.3 rel1/bin/../lib/gcc/arm-none-eabi/12.3.1/thumb/v7e-m+fp/hard\libc.a
LOAD f:/program files (x86)/arm gnu toolchain arm-none-eabi/12.3 rel1/bin/../lib/gcc/arm-none-eabi/12.3.1/thumb/v7e-m+fp/hard\libm.a
LOAD f:/program files (x86)/arm gnu toolchain arm-none-eabi/12.3 rel1/bin/../lib/gcc/arm-none-eabi/12.3.1/thumb/v7e-m+fp/hard\libgcc.a

.debug_info     0x00000000    0x113bb
 .debug_info    0x00000000     0x13ff ../obj/ability.o
 .debug_info    0x000013ff     0x1660 ../obj/hot.o
 .debug_info    0x00002a5f     0x19d7 ../obj/i2cmaster.o
 .debug_info    0x00004436      0xcd2 ../obj/io.o
 .debug_info    0x00005108     0x3abe ../obj/lr.o
 .debug_info    0x00008bc6      0x21b ../obj/main.o
 .debug_info    0x00008de1      0x711 ../obj/mix_std_lib.o
 .debug_info    0x000094f2     0x3bcc ../obj/rs485.o
 .debug_info    0x0000d0be      0x34a ../obj/soft_timer.o
 .debug_info    0x0000d408     0x3fb3 ../obj/system_hc32f460.o

.debug_abbrev   0x00000000     0x1373
 .debug_abbrev  0x00000000      0x177 ../obj/ability.o
 .debug_abbrev  0x00000177      0x15b ../obj/hot.o
 .debug_abbrev  0x000002d2      0x1b9 ../obj/i2cmaster.o
 .debug_abbrev  0x0000048b       0xbd ../obj/io.o
 .debug_abbrev  0x00000548      0x309 ../obj/lr.o
 .debug_abbrev  0x00000851      0x11f ../obj/main.o
 .debug_abbrev  0x00000970      0x262 ../obj/mix_std_lib.o
 .debug_abbrev  0x00000bd2      0x3d1 ../obj/rs485.o
 .debug_abbrev  0x00000fa3      0x190 ../obj/soft_timer.o
 .debug_abbrev  0x00001133      0x240 ../obj/system_hc32f460.o

.debug_aranges  0x00000000      0x3c0
 .debug_aranges
                0x00000000       0x48 ../obj/ability.o
 .debug_aranges
                0x00000048       0x38 ../obj/hot.o
 .debug_aranges
                0x00000080       0x78 ../obj/i2cmaster.o
 .debug_aranges
                0x000000f8       0x20 ../obj/io.o
 .debug_aranges
                0x00000118       0x70 ../obj/lr.o
 .debug_aranges
                0x00000188       0x28 ../obj/main.o
 .debug_aranges
                0x000001b0       0x58 ../obj/mix_std_lib.o
 .debug_aranges
                0x00000208       0xd8 ../obj/rs485.o
 .debug_aranges
                0x000002e0       0x58 ../obj/soft_timer.o
 .debug_aranges
                0x00000338       0x88 ../obj/system_hc32f460.o

.debug_rnglists
                0x00000000      0x2c1
 .debug_rnglists
                0x00000000       0x32 ../obj/ability.o
 .debug_rnglists
                0x00000032       0x25 ../obj/hot.o
 .debug_rnglists
                0x00000057       0x55 ../obj/i2cmaster.o
 .debug_rnglists
                0x000000ac       0x14 ../obj/io.o
 .debug_rnglists
                0x000000c0       0x55 ../obj/lr.o
 .debug_rnglists
                0x00000115       0x19 ../obj/main.o
 .debug_rnglists
                0x0000012e       0x4f ../obj/mix_std_lib.o
 .debug_rnglists
                0x0000017d       0xa2 ../obj/rs485.o
 .debug_rnglists
                0x0000021f       0x3f ../obj/soft_timer.o
 .debug_rnglists
                0x0000025e       0x63 ../obj/system_hc32f460.o

.debug_line     0x00000000     0x2dbe
 .debug_line    0x00000000      0x2b9 ../obj/ability.o
 .debug_line    0x000002b9      0x214 ../obj/hot.o
 .debug_line    0x000004cd      0x42c ../obj/i2cmaster.o
 .debug_line    0x000008f9      0x1cc ../obj/io.o
 .debug_line    0x00000ac5      0x595 ../obj/lr.o
 .debug_line    0x0000105a      0x1aa ../obj/main.o
 .debug_line    0x00001204      0x9f9 ../obj/mix_std_lib.o
 .debug_line    0x00001bfd      0xa14 ../obj/rs485.o
 .debug_line    0x00002611      0x34a ../obj/soft_timer.o
 .debug_line    0x0000295b      0x463 ../obj/system_hc32f460.o

.debug_str      0x00000000     0x63da
 .debug_str     0x00000000      0x9d7 ../obj/ability.o
                                0xa35 (size before relaxing)
 .debug_str     0x000009d7      0x65c ../obj/hot.o
                                0xab5 (size before relaxing)
 .debug_str     0x00001033      0x3e9 ../obj/i2cmaster.o
                                0xcc3 (size before relaxing)
 .debug_str     0x0000141c       0x14 ../obj/io.o
                                0x7b3 (size before relaxing)
 .debug_str     0x00001430     0x2111 ../obj/lr.o
                               0x3037 (size before relaxing)
 .debug_str     0x00003541       0xaa ../obj/main.o
                                0x2c7 (size before relaxing)
 .debug_str     0x000035eb      0x206 ../obj/mix_std_lib.o
                                0x40c (size before relaxing)
 .debug_str     0x000037f1     0x126f ../obj/rs485.o
                               0x22db (size before relaxing)
 .debug_str     0x00004a60       0x6c ../obj/soft_timer.o
                                0x2bf (size before relaxing)
 .debug_str     0x00004acc     0x190e ../obj/system_hc32f460.o
                               0x426b (size before relaxing)

.comment        0x00000000       0x45
 .comment       0x00000000       0x45 ../obj/ability.o
                                 0x46 (size before relaxing)
 .comment       0x00000045       0x46 ../obj/hot.o
 .comment       0x00000045       0x46 ../obj/i2cmaster.o
 .comment       0x00000045       0x46 ../obj/io.o
 .comment       0x00000045       0x46 ../obj/lr.o
 .comment       0x00000045       0x46 ../obj/main.o
 .comment       0x00000045       0x46 ../obj/mix_std_lib.o
 .comment       0x00000045       0x46 ../obj/rs485.o
 .comment       0x00000045       0x46 ../obj/soft_timer.o
 .comment       0x00000045       0x46 ../obj/system_hc32f460.o

.debug_frame    0x00000000      0xd9c
 .debug_frame   0x00000000       0xd4 ../obj/ability.o
 .debug_frame   0x000000d4       0xa4 ../obj/hot.o
 .debug_frame   0x00000178      0x1c4 ../obj/i2cmaster.o
 .debug_frame   0x0000033c       0x30 ../obj/io.o
 .debug_frame   0x0000036c      0x198 ../obj/lr.o
 .debug_frame   0x00000504       0x50 ../obj/main.o
 .debug_frame   0x00000554      0x16c ../obj/mix_std_lib.o
 .debug_frame   0x000006c0      0x374 ../obj/rs485.o
 .debug_frame   0x00000a34      0x140 ../obj/soft_timer.o
 .debug_frame   0x00000b74      0x200 ../obj/system_hc32f460.o
 .debug_frame   0x00000d74       0x28 f:/program files (x86)/arm gnu toolchain arm-none-eabi/12.3 rel1/bin/../lib/gcc/arm-none-eabi/12.3.1/thumb/v7e-m+fp/hard\libc_nano.a(libc_a-memcpy-stub.o)

Cross Reference Table

Symbol                                            File
BusFault_Handler                                  ../obj/startup_hc32f460.o
DebugMon_Handler                                  ../obj/startup_hc32f460.o
HRC_VALUE                                         ../obj/system_hc32f460.o
HardFault_Handler                                 ../obj/startup_hc32f460.o
IRQ000_Handler                                    ../obj/startup_hc32f460.o
IRQ001_Handler                                    ../obj/startup_hc32f460.o
IRQ002_Handler                                    ../obj/startup_hc32f460.o
IRQ003_Handler                                    ../obj/startup_hc32f460.o
IRQ004_Handler                                    ../obj/startup_hc32f460.o
IRQ005_Handler                                    ../obj/startup_hc32f460.o
IRQ006_Handler                                    ../obj/startup_hc32f460.o
IRQ007_Handler                                    ../obj/startup_hc32f460.o
IRQ008_Handler                                    ../obj/startup_hc32f460.o
IRQ009_Handler                                    ../obj/startup_hc32f460.o
IRQ010_Handler                                    ../obj/startup_hc32f460.o
IRQ011_Handler                                    ../obj/startup_hc32f460.o
IRQ012_Handler                                    ../obj/startup_hc32f460.o
IRQ013_Handler                                    ../obj/startup_hc32f460.o
IRQ014_Handler                                    ../obj/startup_hc32f460.o
IRQ015_Handler                                    ../obj/startup_hc32f460.o
IRQ016_Handler                                    ../obj/startup_hc32f460.o
IRQ017_Handler                                    ../obj/startup_hc32f460.o
IRQ018_Handler                                    ../obj/startup_hc32f460.o
IRQ019_Handler                                    ../obj/startup_hc32f460.o
IRQ020_Handler                                    ../obj/startup_hc32f460.o
IRQ021_Handler                                    ../obj/startup_hc32f460.o
IRQ022_Handler                                    ../obj/startup_hc32f460.o
IRQ023_Handler                                    ../obj/startup_hc32f460.o
IRQ024_Handler                                    ../obj/startup_hc32f460.o
IRQ025_Handler                                    ../obj/startup_hc32f460.o
IRQ026_Handler                                    ../obj/startup_hc32f460.o
IRQ027_Handler                                    ../obj/startup_hc32f460.o
IRQ028_Handler                                    ../obj/startup_hc32f460.o
IRQ029_Handler                                    ../obj/startup_hc32f460.o
IRQ030_Handler                                    ../obj/startup_hc32f460.o
IRQ031_Handler                                    ../obj/startup_hc32f460.o
IRQ032_Handler                                    ../obj/startup_hc32f460.o
IRQ033_Handler                                    ../obj/startup_hc32f460.o
IRQ034_Handler                                    ../obj/startup_hc32f460.o
IRQ035_Handler                                    ../obj/startup_hc32f460.o
IRQ036_Handler                                    ../obj/startup_hc32f460.o
IRQ037_Handler                                    ../obj/startup_hc32f460.o
IRQ038_Handler                                    ../obj/system_hc32f460.o
IRQ039_Handler                                    ../obj/startup_hc32f460.o
IRQ040_Handler                                    ../obj/startup_hc32f460.o
IRQ041_Handler                                    ../obj/startup_hc32f460.o
IRQ042_Handler                                    ../obj/startup_hc32f460.o
IRQ043_Handler                                    ../obj/startup_hc32f460.o
IRQ044_Handler                                    ../obj/startup_hc32f460.o
IRQ045_Handler                                    ../obj/startup_hc32f460.o
IRQ046_Handler                                    ../obj/startup_hc32f460.o
IRQ047_Handler                                    ../obj/startup_hc32f460.o
IRQ048_Handler                                    ../obj/startup_hc32f460.o
IRQ049_Handler                                    ../obj/startup_hc32f460.o
IRQ050_Handler                                    ../obj/startup_hc32f460.o
IRQ051_Handler                                    ../obj/startup_hc32f460.o
IRQ052_Handler                                    ../obj/startup_hc32f460.o
IRQ053_Handler                                    ../obj/startup_hc32f460.o
IRQ054_Handler                                    ../obj/startup_hc32f460.o
IRQ055_Handler                                    ../obj/startup_hc32f460.o
IRQ056_Handler                                    ../obj/startup_hc32f460.o
IRQ057_Handler                                    ../obj/startup_hc32f460.o
IRQ058_Handler                                    ../obj/startup_hc32f460.o
IRQ059_Handler                                    ../obj/startup_hc32f460.o
IRQ060_Handler                                    ../obj/startup_hc32f460.o
IRQ061_Handler                                    ../obj/startup_hc32f460.o
IRQ062_Handler                                    ../obj/startup_hc32f460.o
IRQ063_Handler                                    ../obj/startup_hc32f460.o
IRQ064_Handler                                    ../obj/startup_hc32f460.o
IRQ065_Handler                                    ../obj/startup_hc32f460.o
IRQ066_Handler                                    ../obj/startup_hc32f460.o
IRQ067_Handler                                    ../obj/startup_hc32f460.o
IRQ068_Handler                                    ../obj/startup_hc32f460.o
IRQ069_Handler                                    ../obj/startup_hc32f460.o
IRQ070_Handler                                    ../obj/startup_hc32f460.o
IRQ071_Handler                                    ../obj/startup_hc32f460.o
IRQ072_Handler                                    ../obj/startup_hc32f460.o
IRQ073_Handler                                    ../obj/startup_hc32f460.o
IRQ074_Handler                                    ../obj/startup_hc32f460.o
IRQ075_Handler                                    ../obj/startup_hc32f460.o
IRQ076_Handler                                    ../obj/startup_hc32f460.o
IRQ077_Handler                                    ../obj/startup_hc32f460.o
IRQ078_Handler                                    ../obj/startup_hc32f460.o
IRQ079_Handler                                    ../obj/startup_hc32f460.o
IRQ080_Handler                                    ../obj/rs485.o
IRQ081_Handler                                    ../obj/rs485.o
IRQ082_Handler                                    ../obj/rs485.o
IRQ083_Handler                                    ../obj/rs485.o
IRQ084_Handler                                    ../obj/lr.o
IRQ085_Handler                                    ../obj/startup_hc32f460.o
IRQ086_Handler                                    ../obj/startup_hc32f460.o
IRQ087_Handler                                    ../obj/startup_hc32f460.o
IRQ088_Handler                                    ../obj/startup_hc32f460.o
IRQ089_Handler                                    ../obj/startup_hc32f460.o
IRQ090_Handler                                    ../obj/startup_hc32f460.o
IRQ091_Handler                                    ../obj/startup_hc32f460.o
IRQ092_Handler                                    ../obj/startup_hc32f460.o
IRQ093_Handler                                    ../obj/startup_hc32f460.o
IRQ094_Handler                                    ../obj/startup_hc32f460.o
IRQ095_Handler                                    ../obj/startup_hc32f460.o
IRQ096_Handler                                    ../obj/startup_hc32f460.o
IRQ097_Handler                                    ../obj/startup_hc32f460.o
IRQ098_Handler                                    ../obj/startup_hc32f460.o
IRQ099_Handler                                    ../obj/startup_hc32f460.o
IRQ100_Handler                                    ../obj/startup_hc32f460.o
IRQ101_Handler                                    ../obj/startup_hc32f460.o
IRQ102_Handler                                    ../obj/startup_hc32f460.o
IRQ103_Handler                                    ../obj/startup_hc32f460.o
IRQ104_Handler                                    ../obj/startup_hc32f460.o
IRQ105_Handler                                    ../obj/startup_hc32f460.o
IRQ106_Handler                                    ../obj/startup_hc32f460.o
IRQ107_Handler                                    ../obj/startup_hc32f460.o
IRQ108_Handler                                    ../obj/startup_hc32f460.o
IRQ109_Handler                                    ../obj/startup_hc32f460.o
IRQ110_Handler                                    ../obj/startup_hc32f460.o
IRQ111_Handler                                    ../obj/startup_hc32f460.o
IRQ112_Handler                                    ../obj/startup_hc32f460.o
IRQ113_Handler                                    ../obj/startup_hc32f460.o
IRQ114_Handler                                    ../obj/startup_hc32f460.o
IRQ115_Handler                                    ../obj/startup_hc32f460.o
IRQ116_Handler                                    ../obj/startup_hc32f460.o
IRQ117_Handler                                    ../obj/startup_hc32f460.o
IRQ118_Handler                                    ../obj/startup_hc32f460.o
IRQ119_Handler                                    ../obj/startup_hc32f460.o
IRQ120_Handler                                    ../obj/startup_hc32f460.o
IRQ121_Handler                                    ../obj/startup_hc32f460.o
IRQ122_Handler                                    ../obj/startup_hc32f460.o
IRQ123_Handler                                    ../obj/startup_hc32f460.o
IRQ124_Handler                                    ../obj/startup_hc32f460.o
IRQ125_Handler                                    ../obj/startup_hc32f460.o
IRQ126_Handler                                    ../obj/startup_hc32f460.o
IRQ127_Handler                                    ../obj/startup_hc32f460.o
IRQ128_Handler                                    ../obj/startup_hc32f460.o
IRQ129_Handler                                    ../obj/startup_hc32f460.o
IRQ130_Handler                                    ../obj/startup_hc32f460.o
IRQ131_Handler                                    ../obj/startup_hc32f460.o
IRQ132_Handler                                    ../obj/startup_hc32f460.o
IRQ133_Handler                                    ../obj/startup_hc32f460.o
IRQ134_Handler                                    ../obj/startup_hc32f460.o
IRQ135_Handler                                    ../obj/startup_hc32f460.o
IRQ136_Handler                                    ../obj/startup_hc32f460.o
IRQ137_Handler                                    ../obj/startup_hc32f460.o
IRQ138_Handler                                    ../obj/startup_hc32f460.o
IRQ139_Handler                                    ../obj/startup_hc32f460.o
IRQ140_Handler                                    ../obj/startup_hc32f460.o
IRQ141_Handler                                    ../obj/startup_hc32f460.o
IRQ142_Handler                                    ../obj/startup_hc32f460.o
IRQ143_Handler                                    ../obj/startup_hc32f460.o
MemManage_Handler                                 ../obj/startup_hc32f460.o
NMI_Handler                                       ../obj/startup_hc32f460.o
PORT_IN_init                                      ../obj/system_hc32f460.o
PendSV_Handler                                    ../obj/startup_hc32f460.o
Relay                                             ../obj/lr.o
Reset_Handler                                     ../obj/startup_hc32f460.o
SVC_Handler                                       ../obj/startup_hc32f460.o
SysTick_Handler                                   ../obj/startup_hc32f460.o
UsageFault_Handler                                ../obj/startup_hc32f460.o
WDT_flash                                         ../obj/system_hc32f460.o
WDT_init                                          ../obj/system_hc32f460.o
__HeapBase                                        ../obj/startup_hc32f460.o
__HeapLimit                                       ../obj/startup_hc32f460.o
__StackLimit                                      ../obj/startup_hc32f460.o
__StackTop                                        ../obj/startup_hc32f460.o
__Vectors                                         ../obj/startup_hc32f460.o
__Vectors_End                                     ../obj/startup_hc32f460.o
__Vectors_Size                                    ../obj/startup_hc32f460.o
__adddf3                                          f:/program files (x86)/arm gnu toolchain arm-none-eabi/12.3 rel1/bin/../lib/gcc/arm-none-eabi/12.3.1/thumb/v7e-m+fp/hard\libgcc.a(_arm_addsubdf3.o)
__aeabi_d2f                                       f:/program files (x86)/arm gnu toolchain arm-none-eabi/12.3 rel1/bin/../lib/gcc/arm-none-eabi/12.3.1/thumb/v7e-m+fp/hard\libgcc.a(_arm_truncdfsf2.o)
                                                  ../obj/ability.o
__aeabi_dadd                                      f:/program files (x86)/arm gnu toolchain arm-none-eabi/12.3 rel1/bin/../lib/gcc/arm-none-eabi/12.3.1/thumb/v7e-m+fp/hard\libgcc.a(_arm_addsubdf3.o)
__aeabi_ddiv                                      f:/program files (x86)/arm gnu toolchain arm-none-eabi/12.3 rel1/bin/../lib/gcc/arm-none-eabi/12.3.1/thumb/v7e-m+fp/hard\libgcc.a(_arm_muldivdf3.o)
                                                  ../obj/ability.o
__aeabi_dmul                                      f:/program files (x86)/arm gnu toolchain arm-none-eabi/12.3 rel1/bin/../lib/gcc/arm-none-eabi/12.3.1/thumb/v7e-m+fp/hard\libgcc.a(_arm_muldivdf3.o)
__aeabi_drsub                                     f:/program files (x86)/arm gnu toolchain arm-none-eabi/12.3 rel1/bin/../lib/gcc/arm-none-eabi/12.3.1/thumb/v7e-m+fp/hard\libgcc.a(_arm_addsubdf3.o)
__aeabi_dsub                                      f:/program files (x86)/arm gnu toolchain arm-none-eabi/12.3 rel1/bin/../lib/gcc/arm-none-eabi/12.3.1/thumb/v7e-m+fp/hard\libgcc.a(_arm_addsubdf3.o)
__aeabi_f2d                                       f:/program files (x86)/arm gnu toolchain arm-none-eabi/12.3 rel1/bin/../lib/gcc/arm-none-eabi/12.3.1/thumb/v7e-m+fp/hard\libgcc.a(_arm_addsubdf3.o)
                                                  ../obj/ability.o
__aeabi_i2d                                       f:/program files (x86)/arm gnu toolchain arm-none-eabi/12.3 rel1/bin/../lib/gcc/arm-none-eabi/12.3.1/thumb/v7e-m+fp/hard\libgcc.a(_arm_addsubdf3.o)
__aeabi_l2d                                       f:/program files (x86)/arm gnu toolchain arm-none-eabi/12.3 rel1/bin/../lib/gcc/arm-none-eabi/12.3.1/thumb/v7e-m+fp/hard\libgcc.a(_arm_addsubdf3.o)
__aeabi_ui2d                                      f:/program files (x86)/arm gnu toolchain arm-none-eabi/12.3 rel1/bin/../lib/gcc/arm-none-eabi/12.3.1/thumb/v7e-m+fp/hard\libgcc.a(_arm_addsubdf3.o)
__aeabi_ul2d                                      f:/program files (x86)/arm gnu toolchain arm-none-eabi/12.3 rel1/bin/../lib/gcc/arm-none-eabi/12.3.1/thumb/v7e-m+fp/hard\libgcc.a(_arm_addsubdf3.o)
__bss_end__                                       ../obj/startup_hc32f460.o
__bss_end_ret_ram__                               ../obj/startup_hc32f460.o
__bss_start__                                     ../obj/startup_hc32f460.o
__bss_start_ret_ram__                             ../obj/startup_hc32f460.o
__data_end__                                      ../obj/startup_hc32f460.o
__data_end_ret_ram__                              ../obj/startup_hc32f460.o
__data_start__                                    ../obj/startup_hc32f460.o
__data_start_ret_ram__                            ../obj/startup_hc32f460.o
__divdf3                                          f:/program files (x86)/arm gnu toolchain arm-none-eabi/12.3 rel1/bin/../lib/gcc/arm-none-eabi/12.3.1/thumb/v7e-m+fp/hard\libgcc.a(_arm_muldivdf3.o)
__etext                                           ../obj/startup_hc32f460.o
__etext_ret_ram                                   ../obj/startup_hc32f460.o
__extendsfdf2                                     f:/program files (x86)/arm gnu toolchain arm-none-eabi/12.3 rel1/bin/../lib/gcc/arm-none-eabi/12.3.1/thumb/v7e-m+fp/hard\libgcc.a(_arm_addsubdf3.o)
__floatdidf                                       f:/program files (x86)/arm gnu toolchain arm-none-eabi/12.3 rel1/bin/../lib/gcc/arm-none-eabi/12.3.1/thumb/v7e-m+fp/hard\libgcc.a(_arm_addsubdf3.o)
__floatsidf                                       f:/program files (x86)/arm gnu toolchain arm-none-eabi/12.3 rel1/bin/../lib/gcc/arm-none-eabi/12.3.1/thumb/v7e-m+fp/hard\libgcc.a(_arm_addsubdf3.o)
__floatundidf                                     f:/program files (x86)/arm gnu toolchain arm-none-eabi/12.3 rel1/bin/../lib/gcc/arm-none-eabi/12.3.1/thumb/v7e-m+fp/hard\libgcc.a(_arm_addsubdf3.o)
__floatunsidf                                     f:/program files (x86)/arm gnu toolchain arm-none-eabi/12.3 rel1/bin/../lib/gcc/arm-none-eabi/12.3.1/thumb/v7e-m+fp/hard\libgcc.a(_arm_addsubdf3.o)
__msl_memclr                                      ../obj/mix_std_lib.o
                                                  ../obj/rs485.o
__msl_memcmp                                      ../obj/mix_std_lib.o
__msl_memcpy                                      ../obj/mix_std_lib.o
                                                  ../obj/soft_timer.o
__msl_memset                                      ../obj/mix_std_lib.o
__msl_printf                                      ../obj/mix_std_lib.o
                                                  ../obj/rs485.o
                                                  ../obj/pid_pos.o
__msl_strlen                                      ../obj/mix_std_lib.o
__msl_strstr                                      ../obj/mix_std_lib.o
__mslex_usart_write                               ../obj/rs485.o
                                                  ../obj/mix_std_lib.o
__muldf3                                          f:/program files (x86)/arm gnu toolchain arm-none-eabi/12.3 rel1/bin/../lib/gcc/arm-none-eabi/12.3.1/thumb/v7e-m+fp/hard\libgcc.a(_arm_muldivdf3.o)
__subdf3                                          f:/program files (x86)/arm gnu toolchain arm-none-eabi/12.3 rel1/bin/../lib/gcc/arm-none-eabi/12.3.1/thumb/v7e-m+fp/hard\libgcc.a(_arm_addsubdf3.o)
__truncdfsf2                                      f:/program files (x86)/arm gnu toolchain arm-none-eabi/12.3 rel1/bin/../lib/gcc/arm-none-eabi/12.3.1/thumb/v7e-m+fp/hard\libgcc.a(_arm_truncdfsf2.o)
_pid_update                                       ../obj/main.o
_rx_execute                                       ../obj/rs485.o
_sys_delay_us                                     ../obj/system_hc32f460.o
ability_init                                      ../obj/ability.o
                                                  ../obj/lr.o
ability_robote_init                               ../obj/ability.o
                                                  ../obj/main.o
                                                  ../obj/i2c_slave.o
c_queue_rx_buf_queue_t_empty                      ../obj/rs485.o
c_queue_rx_buf_queue_t_front                      ../obj/rs485.o
c_queue_rx_buf_queue_t_full                       ../obj/rs485.o
c_queue_rx_buf_queue_t_init                       ../obj/rs485.o
c_queue_rx_buf_queue_t_pop                        ../obj/rs485.o
c_queue_rx_buf_queue_t_push                       ../obj/rs485.o
c_queue_rx_buf_queue_t_size                       ../obj/rs485.o
calc_modbus_crc16                                 ../obj/crc16_modbus.o
                                                  ../obj/rs485.o
dp_u8_2_i16_lsb                                   ../obj/doraemon_pack.o
dp_u8_2_i16_msb                                   ../obj/doraemon_pack.o
dp_u8_2_i32_lsb                                   ../obj/doraemon_pack.o
dp_u8_2_i32_msb                                   ../obj/doraemon_pack.o
dp_u8_2_i64_lsb                                   ../obj/doraemon_pack.o
dp_u8_2_i64_msb                                   ../obj/doraemon_pack.o
dp_u8_2_u16_lsb                                   ../obj/doraemon_pack.o
dp_u8_2_u16_msb                                   ../obj/doraemon_pack.o
dp_u8_2_u32_lsb                                   ../obj/doraemon_pack.o
dp_u8_2_u32_msb                                   ../obj/doraemon_pack.o
dp_u8_2_u64_lsb                                   ../obj/doraemon_pack.o
dp_u8_2_u64_msb                                   ../obj/doraemon_pack.o
encoder_get                                       ../obj/encoder.o
encoder_get_e                                     ../obj/encoder.o
                                                  ../obj/pid_pos.o
encoder_init                                      ../obj/encoder.o
hex_char                                          ../obj/mix_std_lib.o
i2c_master_cmd_and_read                           ../obj/i2cmaster.o
i2c_master_init                                   ../obj/i2cmaster.o
                                                  ../obj/main.o
i2c_master_read_status                            ../obj/i2cmaster.o
i2c_master_send_cmd                               ../obj/i2cmaster.o
i2c_master_test                                   ../obj/i2cmaster.o
                                                  ../obj/main.o
i2c_slave_get_status                              ../obj/i2c_slave.o
i2c_slave_get_status_changed                      ../obj/i2c_slave.o
i2c_slave_init                                    ../obj/i2c_slave.o
i2c_slave_ir_process                              ../obj/i2c_slave.o
i2c_slave_poll                                    ../obj/i2c_slave.o
i2c_slave_set_status                              ../obj/i2c_slave.o
inquire                                           ../obj/lr.o
io_init                                           ../obj/io.o
                                                  ../obj/main.o
lr_data                                           ../obj/lr.o
lr_get_data                                       ../obj/lr.o
                                                  ../obj/i2c_slave.o
lr_init                                           ../obj/lr.o
                                                  ../obj/main.o
lr_nec                                            ../obj/lr.o
                                                  ../obj/i2c_slave.o
lr_receive_init                                   ../obj/lr.o
                                                  ../obj/main.o
main                                              ../obj/main.o
                                                  ../obj/startup_hc32f460.o
memcpy                                            f:/program files (x86)/arm gnu toolchain arm-none-eabi/12.3 rel1/bin/../lib/gcc/arm-none-eabi/12.3.1/thumb/v7e-m+fp/hard\libc_nano.a(libc_a-memcpy-stub.o)
                                                  ../obj/rs485.o
moto_current_zero                                 ../obj/moto.o
moto_get_current                                  ../obj/moto.o
moto_init                                         ../obj/moto.o
moto_set_pwm                                      ../obj/moto.o
                                                  ../obj/pid_pos.o
msg_func_register                                 ../obj/msg.o
msg_poll                                          ../obj/msg.o
msg_queue_pop                                     ../obj/msg.o
msg_queue_push                                    ../obj/msg.o
pid_pos_cal                                       ../obj/pid_pos.o
pid_pos_calibration                               ../obj/pid_pos.o
                                                  ../obj/rs485.o
pid_pos_get_pos                                   ../obj/pid_pos.o
                                                  ../obj/rs485.o
pid_pos_get_pos_max                               ../obj/pid_pos.o
                                                  ../obj/rs485.o
pid_pos_go_zero                                   ../obj/pid_pos.o
                                                  ../obj/rs485.o
pid_pos_init                                      ../obj/pid_pos.o
pid_pos_set_pid                                   ../obj/pid_pos.o
                                                  ../obj/rs485.o
pid_pos_set_pos                                   ../obj/pid_pos.o
                                                  ../obj/rs485.o
pid_pos_update_pos                                ../obj/pid_pos.o
pid_set_pid                                       ../obj/pid_speed.o
                                                  ../obj/rs485.o
pid_speed_cal                                     ../obj/pid_speed.o
pid_speed_get_speed                               ../obj/pid_speed.o
pid_speed_init                                    ../obj/pid_speed.o
pid_speed_set_speed                               ../obj/pid_speed.o
                                                  ../obj/rs485.o
pwmfly_init                                       ../obj/hot.o
                                                  ../obj/main.o
pwmfly_set_pwm                                    ../obj/hot.o
pwmled_init                                       ../obj/pwmled.o
pwmled_set_pwm                                    ../obj/pwmled.o
pwmled_set_stop                                   ../obj/pwmled.o
pwmled_set_test                                   ../obj/pwmled.o
rbq                                               ../obj/rs485.o
rs485_init                                        ../obj/rs485.o
rs485_poll                                        ../obj/rs485.o
rs485_tx_str                                      ../obj/rs485.o
stimer_clear                                      ../obj/soft_timer.o
stimer_ctrl                                       ../obj/soft_timer.o
                                                  ../obj/main.o
stimer_del                                        ../obj/soft_timer.o
stimer_get_by_id                                  ../obj/soft_timer.o
stimer_init                                       ../obj/soft_timer.o
                                                  ../obj/main.o
stimer_poll                                       ../obj/soft_timer.o
                                                  ../obj/main.o
stimer_register                                   ../obj/soft_timer.o
                                                  ../obj/main.o
stimer_set_period                                 ../obj/soft_timer.o
sys_clk_init                                      ../obj/system_hc32f460.o
sys_core_clk                                      ../obj/system_hc32f460.o
sys_delay_ms                                      ../obj/system_hc32f460.o
                                                  ../obj/ws2812.o
                                                  ../obj/pid_pos.o
                                                  ../obj/lr.o
                                                  ../obj/i2cmaster.o
                                                  ../obj/i2c_slave.o
                                                  ../obj/ability.o
sys_delay_tick                                    ../obj/system_hc32f460.o
sys_delay_us                                      ../obj/lr.o
                                                  ../obj/i2cmaster.o
sys_get_tick                                      ../obj/system_hc32f460.o
                                                  ../obj/soft_timer.o
                                                  ../obj/rs485.o
                                                  ../obj/lr.o
                                                  ../obj/i2c_slave.o
sys_init                                          ../obj/system_hc32f460.o
                                                  ../obj/startup_hc32f460.o
sys_set_delay_clk                                 ../obj/system_hc32f460.o
sys_tick_init                                     ../obj/system_hc32f460.o
sys_tick_msb                                      ../obj/system_hc32f460.o
temperature_get                                   ../obj/hot.o
temperature_overload                              ../obj/hot.o
test                                              ../obj/i2cmaster.o
u32ICG                                            ../obj/system_hc32f460.o
uart_init                                         ../obj/uart.o
                                                  ../obj/rs485.o
voltage_get                                       ../obj/ability.o
voltage_get_adc                                   ../obj/ability.o
voltage_init                                      ../obj/ability.o
voltage_overload                                  ../obj/ability.o
ws2812_idle                                       ../obj/ws2812.o
ws2812_init                                       ../obj/ws2812.o
ws2812_reset                                      ../obj/ws2812.o
ws2812_set_rgb                                    ../obj/ws2812.o
ws2812_t_byte                                     ../obj/ws2812.o
ws2812_trans                                      ../obj/ws2812.o
